Analysis & Elaboration report for procesador_pipeline
Fri May 06 00:16:48 2022
Quartus II 64-Bit Version 14.1.0 Build 186 12/03/2014 SJ Web Edition


---------------------
; Table of Contents ;
---------------------
  1. Legal Notice
  2. Analysis & Elaboration Summary
  3. Parallel Compilation
  4. Analysis & Elaboration Settings
  5. Port Connectivity Checks: "memoryAccess:memory"
  6. Analysis & Elaboration Messages
  7. Analysis & Elaboration Suppressed Messages



----------------
; Legal Notice ;
----------------
Copyright (C) 1991-2014 Altera Corporation. All rights reserved.
Your use of Altera Corporation's design tools, logic functions 
and other software and tools, and its AMPP partner logic 
functions, and any output files from any of the foregoing 
(including device programming or simulation files), and any 
associated documentation or information are expressly subject 
to the terms and conditions of the Altera Program License 
Subscription Agreement, the Altera Quartus II License Agreement,
the Altera MegaCore Function License Agreement, or other 
applicable license agreement, including, without limitation, 
that your use is for the sole purpose of programming logic 
devices manufactured by Altera and sold by Altera or its 
authorized distributors.  Please refer to the applicable 
agreement for further details.



+----------------------------------------------------------------------------+
; Analysis & Elaboration Summary                                             ;
+-------------------------------+--------------------------------------------+
; Analysis & Elaboration Status ; Successful - Fri May 06 00:16:48 2022      ;
; Quartus II 64-Bit Version     ; 14.1.0 Build 186 12/03/2014 SJ Web Edition ;
; Revision Name                 ; procesador_pipeline                        ;
; Top-level Entity Name         ; memoryAccess_tb                            ;
; Family                        ; Cyclone V                                  ;
; Logic utilization (in ALMs)   ; N/A until Partition Merge                  ;
; Total registers               ; N/A until Partition Merge                  ;
; Total pins                    ; N/A until Partition Merge                  ;
; Total virtual pins            ; N/A until Partition Merge                  ;
; Total block memory bits       ; N/A until Partition Merge                  ;
; Total PLLs                    ; N/A until Partition Merge                  ;
; Total DLLs                    ; N/A until Partition Merge                  ;
+-------------------------------+--------------------------------------------+


+------------------------------------------+
; Parallel Compilation                     ;
+----------------------------+-------------+
; Processors                 ; Number      ;
+----------------------------+-------------+
; Number detected on machine ; 12          ;
; Maximum allowed            ; 12          ;
;                            ;             ;
; Average used               ; 1.00        ;
; Maximum used               ; 1           ;
;                            ;             ;
; Usage by Processor         ; % Time Used ;
;     Processor 1            ; 100.0%      ;
;     Processors 2-12        ;   0.0%      ;
+----------------------------+-------------+


+----------------------------------------------------------------------------------------------------------------------------+
; Analysis & Elaboration Settings                                                                                            ;
+---------------------------------------------------------------------------------+--------------------+---------------------+
; Option                                                                          ; Setting            ; Default Value       ;
+---------------------------------------------------------------------------------+--------------------+---------------------+
; Device                                                                          ; 5CGXFC7C7F23C8     ;                     ;
; Top-level entity name                                                           ; memoryAccess_tb    ; procesador_pipeline ;
; Family name                                                                     ; Cyclone V          ; Cyclone IV GX       ;
; Use smart compilation                                                           ; Off                ; Off                 ;
; Enable parallel Assembler and TimeQuest Timing Analyzer during compilation      ; On                 ; On                  ;
; Enable compact report table                                                     ; Off                ; Off                 ;
; Restructure Multiplexers                                                        ; Auto               ; Auto                ;
; MLAB Add Timing Constraints For Mixed-Port Feed-Through Mode Setting Don't Care ; Off                ; Off                 ;
; Create Debugging Nodes for IP Cores                                             ; Off                ; Off                 ;
; Preserve fewer node names                                                       ; On                 ; On                  ;
; Disable OpenCore Plus hardware evaluation                                       ; Off                ; Off                 ;
; Verilog Version                                                                 ; Verilog_2001       ; Verilog_2001        ;
; VHDL Version                                                                    ; VHDL_1993          ; VHDL_1993           ;
; State Machine Processing                                                        ; Auto               ; Auto                ;
; Safe State Machine                                                              ; Off                ; Off                 ;
; Extract Verilog State Machines                                                  ; On                 ; On                  ;
; Extract VHDL State Machines                                                     ; On                 ; On                  ;
; Ignore Verilog initial constructs                                               ; Off                ; Off                 ;
; Iteration limit for constant Verilog loops                                      ; 5000               ; 5000                ;
; Iteration limit for non-constant Verilog loops                                  ; 250                ; 250                 ;
; Add Pass-Through Logic to Inferred RAMs                                         ; On                 ; On                  ;
; Infer RAMs from Raw Logic                                                       ; On                 ; On                  ;
; Parallel Synthesis                                                              ; On                 ; On                  ;
; DSP Block Balancing                                                             ; Auto               ; Auto                ;
; NOT Gate Push-Back                                                              ; On                 ; On                  ;
; Power-Up Don't Care                                                             ; On                 ; On                  ;
; Remove Redundant Logic Cells                                                    ; Off                ; Off                 ;
; Remove Duplicate Registers                                                      ; On                 ; On                  ;
; Ignore CARRY Buffers                                                            ; Off                ; Off                 ;
; Ignore CASCADE Buffers                                                          ; Off                ; Off                 ;
; Ignore GLOBAL Buffers                                                           ; Off                ; Off                 ;
; Ignore ROW GLOBAL Buffers                                                       ; Off                ; Off                 ;
; Ignore LCELL Buffers                                                            ; Off                ; Off                 ;
; Ignore SOFT Buffers                                                             ; On                 ; On                  ;
; Limit AHDL Integers to 32 Bits                                                  ; Off                ; Off                 ;
; Optimization Technique                                                          ; Balanced           ; Balanced            ;
; Carry Chain Length                                                              ; 70                 ; 70                  ;
; Auto Carry Chains                                                               ; On                 ; On                  ;
; Auto Open-Drain Pins                                                            ; On                 ; On                  ;
; Perform WYSIWYG Primitive Resynthesis                                           ; Off                ; Off                 ;
; Auto ROM Replacement                                                            ; On                 ; On                  ;
; Auto RAM Replacement                                                            ; On                 ; On                  ;
; Auto DSP Block Replacement                                                      ; On                 ; On                  ;
; Auto Shift Register Replacement                                                 ; Auto               ; Auto                ;
; Allow Shift Register Merging across Hierarchies                                 ; Auto               ; Auto                ;
; Auto Clock Enable Replacement                                                   ; On                 ; On                  ;
; Strict RAM Replacement                                                          ; Off                ; Off                 ;
; Allow Synchronous Control Signals                                               ; On                 ; On                  ;
; Force Use of Synchronous Clear Signals                                          ; Off                ; Off                 ;
; Auto Resource Sharing                                                           ; Off                ; Off                 ;
; Allow Any RAM Size For Recognition                                              ; Off                ; Off                 ;
; Allow Any ROM Size For Recognition                                              ; Off                ; Off                 ;
; Allow Any Shift Register Size For Recognition                                   ; Off                ; Off                 ;
; Use LogicLock Constraints during Resource Balancing                             ; On                 ; On                  ;
; Ignore translate_off and synthesis_off directives                               ; Off                ; Off                 ;
; Timing-Driven Synthesis                                                         ; On                 ; On                  ;
; Report Parameter Settings                                                       ; On                 ; On                  ;
; Report Source Assignments                                                       ; On                 ; On                  ;
; Report Connectivity Checks                                                      ; On                 ; On                  ;
; Ignore Maximum Fan-Out Assignments                                              ; Off                ; Off                 ;
; Synchronization Register Chain Length                                           ; 3                  ; 3                   ;
; PowerPlay Power Optimization During Synthesis                                   ; Normal compilation ; Normal compilation  ;
; HDL message level                                                               ; Level2             ; Level2              ;
; Suppress Register Optimization Related Messages                                 ; Off                ; Off                 ;
; Number of Removed Registers Reported in Synthesis Report                        ; 5000               ; 5000                ;
; Number of Swept Nodes Reported in Synthesis Report                              ; 5000               ; 5000                ;
; Number of Inverted Registers Reported in Synthesis Report                       ; 100                ; 100                 ;
; Clock MUX Protection                                                            ; On                 ; On                  ;
; Auto Gated Clock Conversion                                                     ; Off                ; Off                 ;
; Block Design Naming                                                             ; Auto               ; Auto                ;
; SDC constraint protection                                                       ; Off                ; Off                 ;
; Synthesis Effort                                                                ; Auto               ; Auto                ;
; Shift Register Replacement - Allow Asynchronous Clear Signal                    ; On                 ; On                  ;
; Pre-Mapping Resynthesis Optimization                                            ; Off                ; Off                 ;
; Analysis & Synthesis Message Level                                              ; Medium             ; Medium              ;
; Disable Register Merging Across Hierarchies                                     ; Auto               ; Auto                ;
; Resource Aware Inference For Block RAM                                          ; On                 ; On                  ;
; Synthesis Seed                                                                  ; 1                  ; 1                   ;
; Automatic Parallel Synthesis                                                    ; On                 ; On                  ;
; Partial Reconfiguration Bitstream ID                                            ; Off                ; Off                 ;
+---------------------------------------------------------------------------------+--------------------+---------------------+


+-----------------------------------------------------------------------------------------------------------------------+
; Port Connectivity Checks: "memoryAccess:memory"                                                                       ;
+-------------+--------+----------+-------------------------------------------------------------------------------------+
; Port        ; Type   ; Severity ; Details                                                                             ;
+-------------+--------+----------+-------------------------------------------------------------------------------------+
; rd          ; Output ; Info     ; Connected to dangling logic. Logic that only feeds a dangling port will be removed. ;
; instruction ; Output ; Info     ; Connected to dangling logic. Logic that only feeds a dangling port will be removed. ;
+-------------+--------+----------+-------------------------------------------------------------------------------------+


+---------------------------------+
; Analysis & Elaboration Messages ;
+---------------------------------+
Info: *******************************************************************
Info: Running Quartus II 64-Bit Analysis & Elaboration
    Info: Version 14.1.0 Build 186 12/03/2014 SJ Web Edition
    Info: Processing started: Fri May 06 00:16:39 2022
Info: Command: quartus_map --read_settings_files=on --write_settings_files=off procesador_pipeline -c procesador_pipeline --analysis_and_elaboration
Info (20030): Parallel compilation is enabled and will use 12 of the 12 processors detected
Info (12021): Found 1 design units, including 1 entities, in source file imem.sv
    Info (12023): Found entity 1: imem
Info (12021): Found 1 design units, including 1 entities, in source file dmem_ram.sv
    Info (12023): Found entity 1: dmem_ram
Info (12021): Found 1 design units, including 1 entities, in source file memorycontroller.sv
    Info (12023): Found entity 1: memoryController
Info (12021): Found 1 design units, including 1 entities, in source file memoryaccess.sv
    Info (12023): Found entity 1: memoryAccess
Info (12021): Found 1 design units, including 1 entities, in source file dmem_rom.sv
    Info (12023): Found entity 1: dmem_rom
Info (12021): Found 1 design units, including 1 entities, in source file memoryaccess_tb.sv
    Info (12023): Found entity 1: memoryAccess_tb
Info (12127): Elaborating entity "memoryAccess_tb" for the top level hierarchy
Warning (10755): Verilog HDL warning at memoryAccess_tb.sv(57): assignments to clk create a combinational loop
Info (12128): Elaborating entity "memoryAccess" for hierarchy "memoryAccess:memory"
Info (12128): Elaborating entity "memoryController" for hierarchy "memoryAccess:memory|memoryController:memoryControllerUnit"
Info (10041): Inferred latch for "mapAddressRAM[0]" at memoryController.sv(30)
Info (10041): Inferred latch for "mapAddressRAM[1]" at memoryController.sv(30)
Info (10041): Inferred latch for "mapAddressRAM[2]" at memoryController.sv(30)
Info (10041): Inferred latch for "mapAddressRAM[3]" at memoryController.sv(30)
Info (10041): Inferred latch for "mapAddressRAM[4]" at memoryController.sv(30)
Info (10041): Inferred latch for "mapAddressRAM[5]" at memoryController.sv(30)
Info (10041): Inferred latch for "mapAddressRAM[6]" at memoryController.sv(30)
Info (10041): Inferred latch for "mapAddressRAM[7]" at memoryController.sv(30)
Info (10041): Inferred latch for "mapAddressRAM[8]" at memoryController.sv(30)
Info (10041): Inferred latch for "mapAddressRAM[9]" at memoryController.sv(30)
Info (10041): Inferred latch for "mapAddressRAM[10]" at memoryController.sv(30)
Info (10041): Inferred latch for "mapAddressRAM[11]" at memoryController.sv(30)
Info (10041): Inferred latch for "mapAddressRAM[12]" at memoryController.sv(30)
Info (10041): Inferred latch for "mapAddressRAM[13]" at memoryController.sv(30)
Info (10041): Inferred latch for "mapAddressRAM[14]" at memoryController.sv(30)
Info (10041): Inferred latch for "mapAddressRAM[15]" at memoryController.sv(30)
Info (10041): Inferred latch for "mapAddressRAM[16]" at memoryController.sv(30)
Info (10041): Inferred latch for "mapAddressRAM[17]" at memoryController.sv(30)
Info (10041): Inferred latch for "mapAddressRAM[18]" at memoryController.sv(30)
Info (10041): Inferred latch for "mapAddressRAM[19]" at memoryController.sv(30)
Info (10041): Inferred latch for "mapAddressRAM[20]" at memoryController.sv(30)
Info (10041): Inferred latch for "mapAddressRAM[21]" at memoryController.sv(30)
Info (10041): Inferred latch for "mapAddressRAM[22]" at memoryController.sv(30)
Info (10041): Inferred latch for "mapAddressRAM[23]" at memoryController.sv(30)
Info (10041): Inferred latch for "mapAddressRAM[24]" at memoryController.sv(30)
Info (10041): Inferred latch for "mapAddressRAM[25]" at memoryController.sv(30)
Info (10041): Inferred latch for "mapAddressRAM[26]" at memoryController.sv(30)
Info (10041): Inferred latch for "mapAddressRAM[27]" at memoryController.sv(30)
Info (10041): Inferred latch for "mapAddressRAM[28]" at memoryController.sv(30)
Info (10041): Inferred latch for "mapAddressRAM[29]" at memoryController.sv(30)
Info (10041): Inferred latch for "mapAddressRAM[30]" at memoryController.sv(30)
Info (10041): Inferred latch for "mapAddressRAM[31]" at memoryController.sv(30)
Info (10041): Inferred latch for "mapAddressROM[0]" at memoryController.sv(30)
Info (10041): Inferred latch for "mapAddressROM[1]" at memoryController.sv(30)
Info (10041): Inferred latch for "mapAddressROM[2]" at memoryController.sv(30)
Info (10041): Inferred latch for "mapAddressROM[3]" at memoryController.sv(30)
Info (10041): Inferred latch for "mapAddressROM[4]" at memoryController.sv(30)
Info (10041): Inferred latch for "mapAddressROM[5]" at memoryController.sv(30)
Info (10041): Inferred latch for "mapAddressROM[6]" at memoryController.sv(30)
Info (10041): Inferred latch for "mapAddressROM[7]" at memoryController.sv(30)
Info (10041): Inferred latch for "mapAddressROM[8]" at memoryController.sv(30)
Info (10041): Inferred latch for "mapAddressROM[9]" at memoryController.sv(30)
Info (10041): Inferred latch for "mapAddressROM[10]" at memoryController.sv(30)
Info (10041): Inferred latch for "mapAddressROM[11]" at memoryController.sv(30)
Info (10041): Inferred latch for "mapAddressROM[12]" at memoryController.sv(30)
Info (10041): Inferred latch for "mapAddressROM[13]" at memoryController.sv(30)
Info (10041): Inferred latch for "mapAddressROM[14]" at memoryController.sv(30)
Info (10041): Inferred latch for "mapAddressROM[15]" at memoryController.sv(30)
Info (10041): Inferred latch for "mapAddressROM[16]" at memoryController.sv(30)
Info (10041): Inferred latch for "mapAddressROM[17]" at memoryController.sv(30)
Info (10041): Inferred latch for "mapAddressROM[18]" at memoryController.sv(30)
Info (10041): Inferred latch for "mapAddressROM[19]" at memoryController.sv(30)
Info (10041): Inferred latch for "mapAddressROM[20]" at memoryController.sv(30)
Info (10041): Inferred latch for "mapAddressROM[21]" at memoryController.sv(30)
Info (10041): Inferred latch for "mapAddressROM[22]" at memoryController.sv(30)
Info (10041): Inferred latch for "mapAddressROM[23]" at memoryController.sv(30)
Info (10041): Inferred latch for "mapAddressROM[24]" at memoryController.sv(30)
Info (10041): Inferred latch for "mapAddressROM[25]" at memoryController.sv(30)
Info (10041): Inferred latch for "mapAddressROM[26]" at memoryController.sv(30)
Info (10041): Inferred latch for "mapAddressROM[27]" at memoryController.sv(30)
Info (10041): Inferred latch for "mapAddressROM[28]" at memoryController.sv(30)
Info (10041): Inferred latch for "mapAddressROM[29]" at memoryController.sv(30)
Info (10041): Inferred latch for "mapAddressROM[30]" at memoryController.sv(30)
Info (10041): Inferred latch for "mapAddressROM[31]" at memoryController.sv(30)
Info (10041): Inferred latch for "instruction[0]" at memoryController.sv(16)
Info (10041): Inferred latch for "instruction[1]" at memoryController.sv(16)
Info (10041): Inferred latch for "instruction[2]" at memoryController.sv(16)
Info (10041): Inferred latch for "instruction[3]" at memoryController.sv(16)
Info (10041): Inferred latch for "instruction[4]" at memoryController.sv(16)
Info (10041): Inferred latch for "instruction[5]" at memoryController.sv(16)
Info (10041): Inferred latch for "instruction[6]" at memoryController.sv(16)
Info (10041): Inferred latch for "instruction[7]" at memoryController.sv(16)
Info (10041): Inferred latch for "instruction[8]" at memoryController.sv(16)
Info (10041): Inferred latch for "instruction[9]" at memoryController.sv(16)
Info (10041): Inferred latch for "instruction[10]" at memoryController.sv(16)
Info (10041): Inferred latch for "instruction[11]" at memoryController.sv(16)
Info (10041): Inferred latch for "instruction[12]" at memoryController.sv(16)
Info (10041): Inferred latch for "instruction[13]" at memoryController.sv(16)
Info (10041): Inferred latch for "instruction[14]" at memoryController.sv(16)
Info (10041): Inferred latch for "instruction[15]" at memoryController.sv(16)
Info (10041): Inferred latch for "instruction[16]" at memoryController.sv(16)
Info (10041): Inferred latch for "instruction[17]" at memoryController.sv(16)
Info (10041): Inferred latch for "instruction[18]" at memoryController.sv(16)
Info (10041): Inferred latch for "instruction[19]" at memoryController.sv(16)
Info (10041): Inferred latch for "instruction[20]" at memoryController.sv(16)
Info (10041): Inferred latch for "instruction[21]" at memoryController.sv(16)
Info (10041): Inferred latch for "instruction[22]" at memoryController.sv(16)
Info (10041): Inferred latch for "instruction[23]" at memoryController.sv(16)
Info (10041): Inferred latch for "instruction[24]" at memoryController.sv(16)
Info (10041): Inferred latch for "instruction[25]" at memoryController.sv(16)
Info (10041): Inferred latch for "instruction[26]" at memoryController.sv(16)
Info (10041): Inferred latch for "instruction[27]" at memoryController.sv(16)
Info (10041): Inferred latch for "instruction[28]" at memoryController.sv(16)
Info (10041): Inferred latch for "instruction[29]" at memoryController.sv(16)
Info (10041): Inferred latch for "instruction[30]" at memoryController.sv(16)
Info (10041): Inferred latch for "instruction[31]" at memoryController.sv(16)
Info (10041): Inferred latch for "mapAddressInstructions[0]" at memoryController.sv(16)
Info (10041): Inferred latch for "mapAddressInstructions[1]" at memoryController.sv(16)
Info (10041): Inferred latch for "mapAddressInstructions[2]" at memoryController.sv(16)
Info (10041): Inferred latch for "mapAddressInstructions[3]" at memoryController.sv(16)
Info (10041): Inferred latch for "mapAddressInstructions[4]" at memoryController.sv(16)
Info (10041): Inferred latch for "mapAddressInstructions[5]" at memoryController.sv(16)
Info (10041): Inferred latch for "mapAddressInstructions[6]" at memoryController.sv(16)
Info (10041): Inferred latch for "mapAddressInstructions[7]" at memoryController.sv(16)
Info (10041): Inferred latch for "mapAddressInstructions[8]" at memoryController.sv(16)
Info (10041): Inferred latch for "mapAddressInstructions[9]" at memoryController.sv(16)
Info (10041): Inferred latch for "mapAddressInstructions[10]" at memoryController.sv(16)
Info (10041): Inferred latch for "mapAddressInstructions[11]" at memoryController.sv(16)
Info (10041): Inferred latch for "mapAddressInstructions[12]" at memoryController.sv(16)
Info (10041): Inferred latch for "mapAddressInstructions[13]" at memoryController.sv(16)
Info (10041): Inferred latch for "mapAddressInstructions[14]" at memoryController.sv(16)
Info (10041): Inferred latch for "mapAddressInstructions[15]" at memoryController.sv(16)
Info (10041): Inferred latch for "mapAddressInstructions[16]" at memoryController.sv(16)
Info (10041): Inferred latch for "mapAddressInstructions[17]" at memoryController.sv(16)
Info (10041): Inferred latch for "mapAddressInstructions[18]" at memoryController.sv(16)
Info (10041): Inferred latch for "mapAddressInstructions[19]" at memoryController.sv(16)
Info (10041): Inferred latch for "mapAddressInstructions[20]" at memoryController.sv(16)
Info (10041): Inferred latch for "mapAddressInstructions[21]" at memoryController.sv(16)
Info (10041): Inferred latch for "mapAddressInstructions[22]" at memoryController.sv(16)
Info (10041): Inferred latch for "mapAddressInstructions[23]" at memoryController.sv(16)
Info (10041): Inferred latch for "mapAddressInstructions[24]" at memoryController.sv(16)
Info (10041): Inferred latch for "mapAddressInstructions[25]" at memoryController.sv(16)
Info (10041): Inferred latch for "mapAddressInstructions[26]" at memoryController.sv(16)
Info (10041): Inferred latch for "mapAddressInstructions[27]" at memoryController.sv(16)
Info (10041): Inferred latch for "mapAddressInstructions[28]" at memoryController.sv(16)
Info (10041): Inferred latch for "mapAddressInstructions[29]" at memoryController.sv(16)
Info (10041): Inferred latch for "mapAddressInstructions[30]" at memoryController.sv(16)
Info (10041): Inferred latch for "mapAddressInstructions[31]" at memoryController.sv(16)
Info (12128): Elaborating entity "dmem_ram" for hierarchy "memoryAccess:memory|memoryController:memoryControllerUnit|dmem_ram:ram"
Warning (10230): Verilog HDL assignment warning at dmem_ram.sv(11): truncated value with size 63 to match size of target (32)
Warning (10175): Verilog HDL warning at dmem_ram.sv(24): ignoring unsupported system task
Info (12128): Elaborating entity "dmem_rom" for hierarchy "memoryAccess:memory|memoryController:memoryControllerUnit|dmem_rom:rom"
Warning (10850): Verilog HDL warning at dmem_rom.sv(9): number of words (4) in memory file does not match the number of elements in the address range [0:8099]
Warning (10030): Net "dmem_ROM.data_a" at dmem_rom.sv(4) has no driver or initial value, using a default initial value '0'
Warning (10030): Net "dmem_ROM.waddr_a" at dmem_rom.sv(4) has no driver or initial value, using a default initial value '0'
Warning (10030): Net "dmem_ROM.we_a" at dmem_rom.sv(4) has no driver or initial value, using a default initial value '0'
Info (12128): Elaborating entity "imem" for hierarchy "memoryAccess:memory|memoryController:memoryControllerUnit|imem:imem_rom"
Warning (10850): Verilog HDL warning at imem.sv(9): number of words (4) in memory file does not match the number of elements in the address range [0:399]
Warning (10030): Net "imem_ROM.data_a" at imem.sv(4) has no driver or initial value, using a default initial value '0'
Warning (10030): Net "imem_ROM.waddr_a" at imem.sv(4) has no driver or initial value, using a default initial value '0'
Warning (10030): Net "imem_ROM.we_a" at imem.sv(4) has no driver or initial value, using a default initial value '0'
Warning (12011): Net is missing source, defaulting to GND
    Warning (12110): Net "clk" is missing source, defaulting to GND
Info (144001): Generated suppressed messages file C:/altera/14.1/procesador_pipeline/output_files/procesador_pipeline.map.smsg
Info: Quartus II 64-Bit Analysis & Elaboration was successful. 0 errors, 13 warnings
    Info: Peak virtual memory: 5409 megabytes
    Info: Processing ended: Fri May 06 00:16:48 2022
    Info: Elapsed time: 00:00:09
    Info: Total CPU time (on all processors): 00:00:17


+--------------------------------------------+
; Analysis & Elaboration Suppressed Messages ;
+--------------------------------------------+
The suppressed messages can be found in C:/altera/14.1/procesador_pipeline/output_files/procesador_pipeline.map.smsg.


